// Jest Snapshot v1, https://goo.gl/fbAQLP

exports[`App renders without crashing given the required props 1`] = `
<BrowserRouter>
  <div
    className="App"
  >
    <Navbar
      icon="fab fa-xbox"
      title="Aardvark Party's Xbox Companion"
    />
    <div
      className="container"
    >
      <Alert
        alert={null}
      />
      <Switch>
        <Route
          exact={true}
          path="/"
          render={[Function]}
        />
        <Route
          component={[Function]}
          exact={true}
          path="/about"
        />
        <Route
          exact={true}
          path="/myInfo"
          render={[Function]}
        />
        <Route
          exact={true}
          path="/myXboxOneGames"
          render={[Function]}
        />
        <Route
          exact={true}
          path="/myXbox360Games"
          render={[Function]}
        />
      </Switch>
    </div>
  </div>
</BrowserRouter>
`;
